Bsd <bsd version>
Type :? for help.

bsd-repl> :l doc-comments.bsd
Added <number omitted> variables.

bsd-repl> :doc unambiguous
Function `unambiguous`\
  â€¦ defined at /path/to/tests/functional/repl/doc-comments.bsd:37:5


Very close
