Bsd <bsd version>
Type :? for help.

bsd-repl> :l doc-comments.nix
Added <number omitted> variables.

bsd-repl> "Note that this is not yet complete"
"Note that this is not yet complete"

bsd-repl> :doc documentedFormals
Function `documentedFormals`\
  â€¦ defined at /path/to/tests/functional/repl/doc-comments.nix:104:5


Finds x
