Bsd <bsd version>
Type :? for help.

bsd-repl> :l doc-comments.bsd
Added <number omitted> variables.

bsd-repl> :doc multiply
Function `multiply`\
  â€¦ defined at /path/to/tests/functional/repl/doc-comments.bsd:10:14


Perform *arithmetic* multiplication. It's kind of like repeated **addition**, very neat.

```bsd
multiply 2 3
=> 6
```
