Bsd <bsd version>
Type :? for help.

bsd-repl> :l doc-comments.nix
Added <number omitted> variables.

bsd-repl> :doc floatedIn
Function `floatedIn`\
  â€¦ defined at /path/to/tests/functional/repl/doc-comments.nix:21:5


This also works.
