Bsd <bsd version>
Type :? for help.

bsd-repl> :l doc-comments.bsd
Added <number omitted> variables.

bsd-repl> :doc compact
Function `compact`\
  â€¦ defined at /path/to/tests/functional/repl/doc-comments.bsd:27:5


boom
