Bsd <bsd version>
Type :? for help.

bsd-repl> :l doc-comments.bsd
Added <number omitted> variables.

bsd-repl> :doc measurement
Function `measurement`\
  â€¦ defined at /path/to/tests/functional/repl/doc-comments.bsd:15:17


ğŸ‘ˆ precisely this wide ğŸ‘‰
